******************************************************************************
             TMS320C2000 Linker PC v15.12.3                    
******************************************************************************
>> Linked Wed Sep 20 12:03:46 2017

OUTPUT FILE NAME:   <lock_box.out>
ENTRY POINT SYMBOL: "code_start"  address: 00080000


MEMORY CONFIGURATION

         name            origin    length      used     unused   attr    fill
----------------------  --------  ---------  --------  --------  ----  --------
PAGE 0:
  RAMM0                 00000122   000002de  00000000  000002de  RWIX
  RAMLS0                00008000   00000800  00000258  000005a8  RWIX
  RAMLS1                00008800   00000800  00000000  00000800  RWIX
  RAMLS2                00009000   00000800  00000000  00000800  RWIX
  RAMLS3                00009800   00000800  00000000  00000800  RWIX
  RAMLS4                0000a000   00000800  00000000  00000800  RWIX
  RAMD0                 0000b000   00000800  00000000  00000800  RWIX
  BEGIN                 00080000   00000002  00000002  00000000  RWIX
  FLASHA                00080002   00001ffe  00000000  00001ffe  RWIX
  FLASHB                00082000   00002000  000013ee  00000c12  RWIX
  FLASHC                00084000   00002000  00000000  00002000  RWIX
  FLASHD                00086000   00002000  00000258  00001da8  RWIX
  FLASHE                00088000   00008000  00000000  00008000  RWIX
  FLASHF                00090000   00008000  000001c0  00007e40  RWIX
  FLASHG                00098000   00008000  00000000  00008000  RWIX
  FLASHH                000a0000   00008000  00000000  00008000  RWIX
  FLASHI                000a8000   00008000  00000000  00008000  RWIX
  FLASHJ                000b0000   00008000  00000000  00008000  RWIX
  FLASHK                000b8000   00002000  00000000  00002000  RWIX
  FLASHL                000ba000   00002000  00000000  00002000  RWIX
  FLASHM                000bc000   00002000  00000000  00002000  RWIX
  FLASHN                000be000   00002000  00000000  00002000  RWIX
  RESET                 003fffc0   00000002  00000000  00000002  RWIX

PAGE 1:
  BOOT_RSVD             00000002   00000120  00000000  00000120  RWIX
  RAMM1                 00000400   00000400  00000200  00000200  RWIX
  ADCA_RESULT           00000b00   00000020  00000018  00000008  RWIX
  ADCB_RESULT           00000b20   00000020  00000018  00000008  RWIX
  ADCC_RESULT           00000b40   00000020  00000018  00000008  RWIX
  ADCD_RESULT           00000b60   00000020  00000018  00000008  RWIX
  CPU_TIMER0            00000c00   00000008  00000008  00000000  RWIX
  CPU_TIMER1            00000c08   00000008  00000008  00000000  RWIX
  CPU_TIMER2            00000c10   00000008  00000008  00000000  RWIX
  PIE_CTRL              00000ce0   00000020  0000001a  00000006  RWIX
  PIE_VECT              00000d00   00000200  000001c0  00000040  RWIX
  DMA                   00001000   00000200  000000e0  00000120  RWIX
  CLA1                  00001400   00000040  0000003e  00000002  RWIX
  EPWM1                 00004000   00000100  00000100  00000000  RWIX
  EPWM2                 00004100   00000100  00000100  00000000  RWIX
  EPWM3                 00004200   00000100  00000100  00000000  RWIX
  EPWM4                 00004300   00000100  00000100  00000000  RWIX
  EPWM5                 00004400   00000100  00000100  00000000  RWIX
  EPWM6                 00004500   00000100  00000100  00000000  RWIX
  EPWM7                 00004600   00000100  00000100  00000000  RWIX
  EPWM8                 00004700   00000100  00000100  00000000  RWIX
  EPWM9                 00004800   00000100  00000100  00000000  RWIX
  EPWM10                00004900   00000100  00000100  00000000  RWIX
  EPWM11                00004a00   00000100  00000100  00000000  RWIX
  EPWM12                00004b00   00000100  00000100  00000000  RWIX
  ECAP1                 00005000   00000020  00000020  00000000  RWIX
  ECAP2                 00005020   00000020  00000020  00000000  RWIX
  ECAP3                 00005040   00000020  00000020  00000000  RWIX
  ECAP4                 00005060   00000020  00000020  00000000  RWIX
  ECAP5                 00005080   00000020  00000020  00000000  RWIX
  ECAP6                 000050a0   00000020  00000020  00000000  RWIX
  EQEP1                 00005100   00000040  00000022  0000001e  RWIX
  EQEP2                 00005140   00000040  00000022  0000001e  RWIX
  EQEP3                 00005180   00000040  00000022  0000001e  RWIX
  DACA                  00005c00   00000010  00000008  00000008  RWIX
  DACB                  00005c10   00000010  00000008  00000008  RWIX
  DACC                  00005c20   00000010  00000008  00000008  RWIX
  CMPSS1                00005c80   00000020  00000020  00000000  RWIX
  CMPSS2                00005ca0   00000020  00000020  00000000  RWIX
  CMPSS3                00005cc0   00000020  00000020  00000000  RWIX
  CMPSS4                00005ce0   00000020  00000020  00000000  RWIX
  CMPSS5                00005d00   00000020  00000020  00000000  RWIX
  CMPSS6                00005d20   00000020  00000020  00000000  RWIX
  CMPSS7                00005d40   00000020  00000020  00000000  RWIX
  CMPSS8                00005d60   00000020  00000020  00000000  RWIX
  SDFM1                 00005e00   00000080  00000080  00000000  RWIX
  SDFM2                 00005e80   00000080  00000080  00000000  RWIX
  MCBSPA                00006000   00000040  00000024  0000001c  RWIX
  MCBSPB                00006040   00000040  00000024  0000001c  RWIX
  SPIA                  00006100   00000010  00000010  00000000  RWIX
  SPIB                  00006110   00000010  00000010  00000000  RWIX
  SPIC                  00006120   00000010  00000010  00000000  RWIX
  SPID                  00006130   00000010  00000000  00000010  RWIX
  UPP                   00006200   00000100  00000048  000000b8  RWIX
  WD                    00007000   00000040  0000002b  00000015  RWIX
  NMIINTRUPT            00007060   00000010  00000007  00000009  RWIX
  XINT                  00007070   00000010  0000000b  00000005  RWIX
  SCIA                  00007200   00000010  00000010  00000000  RWIX
  SCIB                  00007210   00000010  00000010  00000000  RWIX
  SCIC                  00007220   00000010  00000010  00000000  RWIX
  SCID                  00007230   00000010  00000010  00000000  RWIX
  I2CA                  00007300   00000040  00000022  0000001e  RWIX
  I2CB                  00007340   00000040  00000022  0000001e  RWIX
  ADCA                  00007400   00000080  00000080  00000000  RWIX
  ADCB                  00007480   00000080  00000080  00000000  RWIX
  ADCC                  00007500   00000080  00000080  00000000  RWIX
  ADCD                  00007580   00000080  00000080  00000000  RWIX
  INPUT_XBAR            00007900   00000020  00000020  00000000  RWIX
  XBAR                  00007920   00000020  00000020  00000000  RWIX
  SYNC_SOC              00007940   00000010  00000006  0000000a  RWIX
  DMACLASRCSEL          00007980   00000040  0000001a  00000026  RWIX
  EPWM_XBAR             00007a00   00000040  00000040  00000000  RWIX
  CLB_XBAR              00007a40   00000040  00000000  00000040  RWIX
  OUTPUT_XBAR           00007a80   00000040  00000040  00000000  RWIX
  GPIOCTRL              00007c00   00000180  00000180  00000000  RWIX
  GPIODAT               00007f00   00000030  00000030  00000000  RWIX
  RAMLS5                0000a800   00000800  0000000e  000007f2  RWIX
  RAMD1                 0000b800   00000800  00000000  00000800  RWIX
  RAMGS0                0000c000   00001000  00000008  00000ff8  RWIX
  RAMGS1                0000d000   00001000  00000000  00001000  RWIX
  RAMGS2                0000e000   00001000  00000000  00001000  RWIX
  RAMGS3                0000f000   00001000  00000000  00001000  RWIX
  RAMGS4                00010000   00001000  00000000  00001000  RWIX
  RAMGS5                00011000   00001000  00000000  00001000  RWIX
  RAMGS6                00012000   00001000  00000000  00001000  RWIX
  RAMGS7                00013000   00001000  00000000  00001000  RWIX
  RAMGS8                00014000   00001000  00000000  00001000  RWIX
  RAMGS9                00015000   00001000  00000000  00001000  RWIX
  RAMGS10               00016000   00001000  00000000  00001000  RWIX
  RAMGS11               00017000   00001000  00000000  00001000  RWIX
  EMIF1                 00047000   00000800  00000070  00000790  RWIX
  EMIF2                 00047800   00000800  00000070  00000790  RWIX
  FLASHPUMPSEMAPHORE    00050024   00000002  00000002  00000000  RWIX
  DEV_CFG               0005d000   00000180  0000012e  00000052  RWIX
  ANALOG_SUBSYS         0005d180   00000080  00000048  00000038  RWIX
  CLK_CFG               0005d200   00000100  00000032  000000ce  RWIX
  CPU_SYS               0005d300   00000100  00000082  0000007e  RWIX
  ROMPREFETCH           0005e608   00000002  00000002  00000000  RWIX
  DCSM_Z1               0005f000   00000030  00000024  0000000c  RWIX
  DCSM_Z2               0005f040   00000030  00000024  0000000c  RWIX
  DCSM_COMMON           0005f070   00000010  00000008  00000008  RWIX
  MEMCFG                0005f400   00000080  00000080  00000000  RWIX
  EMIF1CONFIG           0005f480   00000020  00000020  00000000  RWIX
  EMIF2CONFIG           0005f4a0   00000020  00000020  00000000  RWIX
  ACCESSPROTECTION      0005f4c0   00000040  00000040  00000000  RWIX
  MEMORYERROR           0005f500   00000040  00000040  00000000  RWIX
  ROMWAITSTATE          0005f540   00000002  00000002  00000000  RWIX
  FLASH0_CTRL           0005f800   00000300  00000182  0000017e  RWIX
  FLASH0_ECC            0005fb00   00000040  00000028  00000018  RWIX
  FLASH1_CTRL           0005fc00   00000300  00000182  0000017e  RWIX
  FLASH1_ECC            0005ff00   00000040  00000028  00000018  RWIX
  DCSM_Z1_OTP           00078000   00000020  00000020  00000000  RWIX
  DCSM_Z2_OTP           00078200   00000020  00000020  00000000  RWIX


SECTION ALLOCATION MAP

 output                                  attributes/
section   page    origin      length       input sections
--------  ----  ----------  ----------   ----------------
codestart 
*          0    00080000    00000002     
                  00080000    00000002     F2837xS_CodeStartBranch.obj (codestart)

.cinit     0    00082000    0000001a     
                  00082000    0000000e     rts2800_fpu32.lib : exit.obj (.cinit)
                  0008200e    00000005     <whole-program> (.cinit:__lock)
                  00082013    00000005     <whole-program> (.cinit:__unlock)
                  00082018    00000002     --HOLE-- [fill = 0]

.pinit     0    00082000    00000000     UNINITIALIZED

.text      0    0008201c    000013d4     
                  0008201c    00000585     F2837xS_DefaultISR.obj (.text:retain)
                  000825a1    00000380     F2837xS_SysCtrl.obj (.text)
                  00082921    00000362     F2837xS_Dma.obj (.text)
                  00082c83    000002df     main.obj (.text)
                  00082f62    0000023e     F2837xS_Gpio.obj (.text)
                  000831a0    000000f5     F2837xS_Adc.obj (.text)
                  00083295    00000056     rts2800_fpu32.lib : boot.obj (.text)
                  000832eb    00000046                       : cpy_tbl.obj (.text)
                  00083331    00000029                       : exit.obj (.text)
                  0008335a    00000028     F2837xS_PieCtrl.obj (.text)
                  00083382    0000001e     rts2800_fpu32.lib : memcpy.obj (.text)
                  000833a0    0000001a                       : cpy_utils.obj (.text)
                  000833ba    00000019                       : args_main.obj (.text)
                  000833d3    00000011     F2837xS_PieVect.obj (.text)
                  000833e4    00000008     F2837xS_CodeStartBranch.obj (.text)
                  000833ec    00000002     rts2800_fpu32.lib : pre_init.obj (.text)
                  000833ee    00000001                       : _lock.obj (.text)
                  000833ef    00000001                       : startup.obj (.text)

.TI.ramfunc 
*          0    00086000    00000258     RUN ADDR = 00008000
                  00086000    0000014c     main.obj (.TI.ramfunc)
                  0008614c    00000090     F2837xS_SysCtrl.obj (.TI.ramfunc)
                  000861dc    00000078     main.obj (.TI.ramfunc:retain)
                  00086254    00000004     F2837xS_usDelay.obj (.TI.ramfunc)

.econst    0    00090000    000001c0     
                  00090000    000001c0     F2837xS_PieVect.obj (.econst:_PieVectTableInit)

.stack     1    00000400    00000200     UNINITIALIZED
                  00000400    00000200     --HOLE--

.reset     0    003fffc0    00000002     DSECT
                  003fffc0    00000002     rts2800_fpu32.lib : boot.obj (.reset)

AdcaResultFile 
*          1    00000b00    00000018     UNINITIALIZED
                  00000b00    00000018     F2837xS_GlobalVariableDefs.obj (AdcaResultFile)

AdcbResultFile 
*          1    00000b20    00000018     UNINITIALIZED
                  00000b20    00000018     F2837xS_GlobalVariableDefs.obj (AdcbResultFile)

AdccResultFile 
*          1    00000b40    00000018     UNINITIALIZED
                  00000b40    00000018     F2837xS_GlobalVariableDefs.obj (AdccResultFile)

AdcdResultFile 
*          1    00000b60    00000018     UNINITIALIZED
                  00000b60    00000018     F2837xS_GlobalVariableDefs.obj (AdcdResultFile)

CpuTimer0RegsFile 
*          1    00000c00    00000008     UNINITIALIZED
                  00000c00    00000008     F2837xS_GlobalVariableDefs.obj (CpuTimer0RegsFile)

CpuTimer1RegsFile 
*          1    00000c08    00000008     UNINITIALIZED
                  00000c08    00000008     F2837xS_GlobalVariableDefs.obj (CpuTimer1RegsFile)

CpuTimer2RegsFile 
*          1    00000c10    00000008     UNINITIALIZED
                  00000c10    00000008     F2837xS_GlobalVariableDefs.obj (CpuTimer2RegsFile)

PieCtrlRegsFile 
*          1    00000ce0    0000001a     UNINITIALIZED
                  00000ce0    0000001a     F2837xS_GlobalVariableDefs.obj (PieCtrlRegsFile)

PieVectTableFile 
*          1    00000d00    000001c0     UNINITIALIZED
                  00000d00    000001c0     F2837xS_GlobalVariableDefs.obj (PieVectTableFile)

EmuKeyVar 
*          1    00000d00    00000001     UNINITIALIZED
                  00000d00    00000001     F2837xS_GlobalVariableDefs.obj (EmuKeyVar)

EmuBModeVar 
*          1    00000d01    00000001     UNINITIALIZED
                  00000d01    00000001     F2837xS_GlobalVariableDefs.obj (EmuBModeVar)

FlashCallbackVar 
*          1    00000d02    00000000     UNINITIALIZED

FlashScalingVar 
*          1    00000d02    00000000     UNINITIALIZED

DmaRegsFile 
*          1    00001000    000000e0     UNINITIALIZED
                  00001000    000000e0     F2837xS_GlobalVariableDefs.obj (DmaRegsFile)

Cla1RegsFile 
*          1    00001400    0000003e     UNINITIALIZED
                  00001400    0000003e     F2837xS_GlobalVariableDefs.obj (Cla1RegsFile)

EPwm1RegsFile 
*          1    00004000    00000100     UNINITIALIZED
                  00004000    00000100     F2837xS_GlobalVariableDefs.obj (EPwm1RegsFile)

EPwm2RegsFile 
*          1    00004100    00000100     UNINITIALIZED
                  00004100    00000100     F2837xS_GlobalVariableDefs.obj (EPwm2RegsFile)

EPwm3RegsFile 
*          1    00004200    00000100     UNINITIALIZED
                  00004200    00000100     F2837xS_GlobalVariableDefs.obj (EPwm3RegsFile)

EPwm4RegsFile 
*          1    00004300    00000100     UNINITIALIZED
                  00004300    00000100     F2837xS_GlobalVariableDefs.obj (EPwm4RegsFile)

EPwm5RegsFile 
*          1    00004400    00000100     UNINITIALIZED
                  00004400    00000100     F2837xS_GlobalVariableDefs.obj (EPwm5RegsFile)

EPwm6RegsFile 
*          1    00004500    00000100     UNINITIALIZED
                  00004500    00000100     F2837xS_GlobalVariableDefs.obj (EPwm6RegsFile)

EPwm7RegsFile 
*          1    00004600    00000100     UNINITIALIZED
                  00004600    00000100     F2837xS_GlobalVariableDefs.obj (EPwm7RegsFile)

EPwm8RegsFile 
*          1    00004700    00000100     UNINITIALIZED
                  00004700    00000100     F2837xS_GlobalVariableDefs.obj (EPwm8RegsFile)

EPwm9RegsFile 
*          1    00004800    00000100     UNINITIALIZED
                  00004800    00000100     F2837xS_GlobalVariableDefs.obj (EPwm9RegsFile)

EPwm10RegsFile 
*          1    00004900    00000100     UNINITIALIZED
                  00004900    00000100     F2837xS_GlobalVariableDefs.obj (EPwm10RegsFile)

EPwm11RegsFile 
*          1    00004a00    00000100     UNINITIALIZED
                  00004a00    00000100     F2837xS_GlobalVariableDefs.obj (EPwm11RegsFile)

EPwm12RegsFile 
*          1    00004b00    00000100     UNINITIALIZED
                  00004b00    00000100     F2837xS_GlobalVariableDefs.obj (EPwm12RegsFile)

ECap1RegsFile 
*          1    00005000    00000020     UNINITIALIZED
                  00005000    00000020     F2837xS_GlobalVariableDefs.obj (ECap1RegsFile)

ECap2RegsFile 
*          1    00005020    00000020     UNINITIALIZED
                  00005020    00000020     F2837xS_GlobalVariableDefs.obj (ECap2RegsFile)

ECap3RegsFile 
*          1    00005040    00000020     UNINITIALIZED
                  00005040    00000020     F2837xS_GlobalVariableDefs.obj (ECap3RegsFile)

ECap4RegsFile 
*          1    00005060    00000020     UNINITIALIZED
                  00005060    00000020     F2837xS_GlobalVariableDefs.obj (ECap4RegsFile)

ECap5RegsFile 
*          1    00005080    00000020     UNINITIALIZED
                  00005080    00000020     F2837xS_GlobalVariableDefs.obj (ECap5RegsFile)

ECap6RegsFile 
*          1    000050a0    00000020     UNINITIALIZED
                  000050a0    00000020     F2837xS_GlobalVariableDefs.obj (ECap6RegsFile)

EQep1RegsFile 
*          1    00005100    00000022     UNINITIALIZED
                  00005100    00000022     F2837xS_GlobalVariableDefs.obj (EQep1RegsFile)

EQep2RegsFile 
*          1    00005140    00000022     UNINITIALIZED
                  00005140    00000022     F2837xS_GlobalVariableDefs.obj (EQep2RegsFile)

EQep3RegsFile 
*          1    00005180    00000022     UNINITIALIZED
                  00005180    00000022     F2837xS_GlobalVariableDefs.obj (EQep3RegsFile)

DacaRegsFile 
*          1    00005c00    00000008     UNINITIALIZED
                  00005c00    00000008     F2837xS_GlobalVariableDefs.obj (DacaRegsFile)

DacbRegsFile 
*          1    00005c10    00000008     UNINITIALIZED
                  00005c10    00000008     F2837xS_GlobalVariableDefs.obj (DacbRegsFile)

DaccRegsFile 
*          1    00005c20    00000008     UNINITIALIZED
                  00005c20    00000008     F2837xS_GlobalVariableDefs.obj (DaccRegsFile)

Cmpss1RegsFile 
*          1    00005c80    00000020     UNINITIALIZED
                  00005c80    00000020     F2837xS_GlobalVariableDefs.obj (Cmpss1RegsFile)

Cmpss2RegsFile 
*          1    00005ca0    00000020     UNINITIALIZED
                  00005ca0    00000020     F2837xS_GlobalVariableDefs.obj (Cmpss2RegsFile)

Cmpss3RegsFile 
*          1    00005cc0    00000020     UNINITIALIZED
                  00005cc0    00000020     F2837xS_GlobalVariableDefs.obj (Cmpss3RegsFile)

Cmpss4RegsFile 
*          1    00005ce0    00000020     UNINITIALIZED
                  00005ce0    00000020     F2837xS_GlobalVariableDefs.obj (Cmpss4RegsFile)

Cmpss5RegsFile 
*          1    00005d00    00000020     UNINITIALIZED
                  00005d00    00000020     F2837xS_GlobalVariableDefs.obj (Cmpss5RegsFile)

Cmpss6RegsFile 
*          1    00005d20    00000020     UNINITIALIZED
                  00005d20    00000020     F2837xS_GlobalVariableDefs.obj (Cmpss6RegsFile)

Cmpss7RegsFile 
*          1    00005d40    00000020     UNINITIALIZED
                  00005d40    00000020     F2837xS_GlobalVariableDefs.obj (Cmpss7RegsFile)

Cmpss8RegsFile 
*          1    00005d60    00000020     UNINITIALIZED
                  00005d60    00000020     F2837xS_GlobalVariableDefs.obj (Cmpss8RegsFile)

AdcaRegsFile 
*          1    00007400    00000080     UNINITIALIZED
                  00007400    00000080     F2837xS_GlobalVariableDefs.obj (AdcaRegsFile)

AdcbRegsFile 
*          1    00007480    00000080     UNINITIALIZED
                  00007480    00000080     F2837xS_GlobalVariableDefs.obj (AdcbRegsFile)

AdccRegsFile 
*          1    00007500    00000080     UNINITIALIZED
                  00007500    00000080     F2837xS_GlobalVariableDefs.obj (AdccRegsFile)

AdcdRegsFile 
*          1    00007580    00000080     UNINITIALIZED
                  00007580    00000080     F2837xS_GlobalVariableDefs.obj (AdcdRegsFile)

ramgs0     1    0000c000    00000008     UNINITIALIZED
                  0000c000    00000008     main.obj (ramgs0)

AnalogSubsysRegsFile 
*          1    0005d180    00000048     UNINITIALIZED
                  0005d180    00000048     F2837xS_GlobalVariableDefs.obj (AnalogSubsysRegsFile)

Cla1SoftIntRegsFile 
*          1    00000ce0    00000004     DSECT
                  00000ce0    00000004     F2837xS_GlobalVariableDefs.obj (Cla1SoftIntRegsFile)

Sdfm1RegsFile 
*          1    00005e00    00000080     UNINITIALIZED
                  00005e00    00000080     F2837xS_GlobalVariableDefs.obj (Sdfm1RegsFile)

Sdfm2RegsFile 
*          1    00005e80    00000080     UNINITIALIZED
                  00005e80    00000080     F2837xS_GlobalVariableDefs.obj (Sdfm2RegsFile)

McbspaRegsFile 
*          1    00006000    00000024     UNINITIALIZED
                  00006000    00000024     F2837xS_GlobalVariableDefs.obj (McbspaRegsFile)

McbspbRegsFile 
*          1    00006040    00000024     UNINITIALIZED
                  00006040    00000024     F2837xS_GlobalVariableDefs.obj (McbspbRegsFile)

SpiaRegsFile 
*          1    00006100    00000010     UNINITIALIZED
                  00006100    00000010     F2837xS_GlobalVariableDefs.obj (SpiaRegsFile)

SpibRegsFile 
*          1    00006110    00000010     UNINITIALIZED
                  00006110    00000010     F2837xS_GlobalVariableDefs.obj (SpibRegsFile)

SpicRegsFile 
*          1    00006120    00000010     UNINITIALIZED
                  00006120    00000010     F2837xS_GlobalVariableDefs.obj (SpicRegsFile)

UppRegsFile 
*          1    00006200    00000048     UNINITIALIZED
                  00006200    00000048     F2837xS_GlobalVariableDefs.obj (UppRegsFile)

WdRegsFile 
*          1    00007000    0000002b     UNINITIALIZED
                  00007000    0000002b     F2837xS_GlobalVariableDefs.obj (WdRegsFile)

NmiIntruptRegsFile 
*          1    00007060    00000007     UNINITIALIZED
                  00007060    00000007     F2837xS_GlobalVariableDefs.obj (NmiIntruptRegsFile)

XintRegsFile 
*          1    00007070    0000000b     UNINITIALIZED
                  00007070    0000000b     F2837xS_GlobalVariableDefs.obj (XintRegsFile)

SciaRegsFile 
*          1    00007200    00000010     UNINITIALIZED
                  00007200    00000010     F2837xS_GlobalVariableDefs.obj (SciaRegsFile)

ScibRegsFile 
*          1    00007210    00000010     UNINITIALIZED
                  00007210    00000010     F2837xS_GlobalVariableDefs.obj (ScibRegsFile)

ScicRegsFile 
*          1    00007220    00000010     UNINITIALIZED
                  00007220    00000010     F2837xS_GlobalVariableDefs.obj (ScicRegsFile)

ScidRegsFile 
*          1    00007230    00000010     UNINITIALIZED
                  00007230    00000010     F2837xS_GlobalVariableDefs.obj (ScidRegsFile)

I2caRegsFile 
*          1    00007300    00000022     UNINITIALIZED
                  00007300    00000022     F2837xS_GlobalVariableDefs.obj (I2caRegsFile)

I2cbRegsFile 
*          1    00007340    00000022     UNINITIALIZED
                  00007340    00000022     F2837xS_GlobalVariableDefs.obj (I2cbRegsFile)

InputXbarRegsFile 
*          1    00007900    00000020     UNINITIALIZED
                  00007900    00000020     F2837xS_GlobalVariableDefs.obj (InputXbarRegsFile)

XbarRegsFile 
*          1    00007920    00000020     UNINITIALIZED
                  00007920    00000020     F2837xS_GlobalVariableDefs.obj (XbarRegsFile)

SyncSocRegsFile 
*          1    00007940    00000006     UNINITIALIZED
                  00007940    00000006     F2837xS_GlobalVariableDefs.obj (SyncSocRegsFile)

DmaClaSrcSelRegsFile 
*          1    00007980    0000001a     UNINITIALIZED
                  00007980    0000001a     F2837xS_GlobalVariableDefs.obj (DmaClaSrcSelRegsFile)

EPwmXbarRegsFile 
*          1    00007a00    00000040     UNINITIALIZED
                  00007a00    00000040     F2837xS_GlobalVariableDefs.obj (EPwmXbarRegsFile)

OutputXbarRegsFile 
*          1    00007a80    00000040     UNINITIALIZED
                  00007a80    00000040     F2837xS_GlobalVariableDefs.obj (OutputXbarRegsFile)

GpioCtrlRegsFile 
*          1    00007c00    00000180     UNINITIALIZED
                  00007c00    00000180     F2837xS_GlobalVariableDefs.obj (GpioCtrlRegsFile)

GpioDataRegsFile 
*          1    00007f00    00000030     UNINITIALIZED
                  00007f00    00000030     F2837xS_GlobalVariableDefs.obj (GpioDataRegsFile)

.ebss      1    0000a800    0000000e     UNINITIALIZED
                  0000a800    00000006     rts2800_fpu32.lib : exit.obj (.ebss)
                  0000a806    00000003     main.obj (.ebss)
                  0000a809    00000001     --HOLE--
                  0000a80a    00000002     rts2800_fpu32.lib : _lock.obj (.ebss:__lock)
                  0000a80c    00000002                       : _lock.obj (.ebss:__unlock)

Emif1RegsFile 
*          1    00047000    00000070     UNINITIALIZED
                  00047000    00000070     F2837xS_GlobalVariableDefs.obj (Emif1RegsFile)

Emif2RegsFile 
*          1    00047800    00000070     UNINITIALIZED
                  00047800    00000070     F2837xS_GlobalVariableDefs.obj (Emif2RegsFile)

FlashPumpSemaphoreRegsFile 
*          1    00050024    00000002     UNINITIALIZED
                  00050024    00000002     F2837xS_GlobalVariableDefs.obj (FlashPumpSemaphoreRegsFile)

DevCfgRegsFile 
*          1    0005d000    0000012e     UNINITIALIZED
                  0005d000    0000012e     F2837xS_GlobalVariableDefs.obj (DevCfgRegsFile)

ClkCfgRegsFile 
*          1    0005d200    00000032     UNINITIALIZED
                  0005d200    00000032     F2837xS_GlobalVariableDefs.obj (ClkCfgRegsFile)

CpuSysRegsFile 
*          1    0005d300    00000082     UNINITIALIZED
                  0005d300    00000082     F2837xS_GlobalVariableDefs.obj (CpuSysRegsFile)

RomPrefetchRegsFile 
*          1    0005e608    00000002     UNINITIALIZED
                  0005e608    00000002     F2837xS_GlobalVariableDefs.obj (RomPrefetchRegsFile)

DcsmZ1RegsFile 
*          1    0005f000    00000024     UNINITIALIZED
                  0005f000    00000024     F2837xS_GlobalVariableDefs.obj (DcsmZ1RegsFile)

DcsmZ2RegsFile 
*          1    0005f040    00000024     UNINITIALIZED
                  0005f040    00000024     F2837xS_GlobalVariableDefs.obj (DcsmZ2RegsFile)

DcsmCommonRegsFile 
*          1    0005f070    00000008     UNINITIALIZED
                  0005f070    00000008     F2837xS_GlobalVariableDefs.obj (DcsmCommonRegsFile)

MemCfgRegsFile 
*          1    0005f400    00000080     UNINITIALIZED
                  0005f400    00000080     F2837xS_GlobalVariableDefs.obj (MemCfgRegsFile)

Emif1ConfigRegsFile 
*          1    0005f480    00000020     UNINITIALIZED
                  0005f480    00000020     F2837xS_GlobalVariableDefs.obj (Emif1ConfigRegsFile)

Emif2ConfigRegsFile 
*          1    0005f4a0    00000020     UNINITIALIZED
                  0005f4a0    00000020     F2837xS_GlobalVariableDefs.obj (Emif2ConfigRegsFile)

AccessProtectionRegsFile 
*          1    0005f4c0    00000040     UNINITIALIZED
                  0005f4c0    00000040     F2837xS_GlobalVariableDefs.obj (AccessProtectionRegsFile)

MemoryErrorRegsFile 
*          1    0005f500    00000040     UNINITIALIZED
                  0005f500    00000040     F2837xS_GlobalVariableDefs.obj (MemoryErrorRegsFile)

RomWaitStateRegsFile 
*          1    0005f540    00000002     UNINITIALIZED
                  0005f540    00000002     F2837xS_GlobalVariableDefs.obj (RomWaitStateRegsFile)

Flash0CtrlRegsFile 
*          1    0005f800    00000182     UNINITIALIZED
                  0005f800    00000182     F2837xS_GlobalVariableDefs.obj (Flash0CtrlRegsFile)

Flash0EccRegsFile 
*          1    0005fb00    00000028     UNINITIALIZED
                  0005fb00    00000028     F2837xS_GlobalVariableDefs.obj (Flash0EccRegsFile)

Flash1CtrlRegsFile 
*          1    0005fc00    00000182     UNINITIALIZED
                  0005fc00    00000182     F2837xS_GlobalVariableDefs.obj (Flash1CtrlRegsFile)

Flash1EccRegsFile 
*          1    0005ff00    00000028     UNINITIALIZED
                  0005ff00    00000028     F2837xS_GlobalVariableDefs.obj (Flash1EccRegsFile)

DcsmZ1OtpFile 
*          1    00078000    00000020     NOLOAD SECTION
                  00078000    00000020     F2837xS_GlobalVariableDefs.obj (DcsmZ1OtpFile)

DcsmZ2OtpFile 
*          1    00078200    00000020     NOLOAD SECTION
                  00078200    00000020     F2837xS_GlobalVariableDefs.obj (DcsmZ2OtpFile)

MODULE SUMMARY

       Module                           code   ro data   rw data
       ------                           ----   -------   -------
    .\
       F2837xS_GlobalVariableDefs.obj   0      0         8437   
       main.obj                         1639   0         11     
       F2837xS_DefaultISR.obj           1413   0         0      
       F2837xS_SysCtrl.obj              1184   0         0      
       F2837xS_Dma.obj                  866    0         0      
       F2837xS_Gpio.obj                 574    0         0      
       F2837xS_PieVect.obj              17     0         448    
       F2837xS_Adc.obj                  245    0         0      
       F2837xS_PieCtrl.obj              40     0         0      
       F2837xS_CodeStartBranch.obj      10     0         0      
       F2837xS_usDelay.obj              8      0         0      
    +--+--------------------------------+------+---------+---------+
       Total:                           5996   0         8896   
                                                                
    C:\Users\ATOMAR~1\AppData\Local\Temp\
       086602                           0      0         10     
    +--+--------------------------------+------+---------+---------+
       Total:                           0      0         10     
                                                                
    C:/ti/ccsv6/tools/compiler/c2000_15.12.3.LTS/lib/rts2800_fpu32.lib
       boot.obj                         86     0         0      
       cpy_tbl.obj                      70     0         0      
       exit.obj                         41     0         20     
       memcpy.obj                       30     0         0      
       cpy_utils.obj                    26     0         0      
       args_main.obj                    25     0         0      
       _lock.obj                        1      0         4      
       pre_init.obj                     2      0         0      
       startup.obj                      1      0         0      
    +--+--------------------------------+------+---------+---------+
       Total:                           282    0         24     
                                                                
       Stack:                           0      0         512    
    +--+--------------------------------+------+---------+---------+
       Grand Total:                     6278   0         9442   


GLOBAL DATA SYMBOLS: SORTED BY DATA PAGE

address     data page           name
--------    ----------------    ----
00000400      10 (00000400)     __stack

00000b00      2c (00000b00)     _AdcaResultRegs
00000b20      2c (00000b00)     _AdcbResultRegs

00000b40      2d (00000b40)     _AdccResultRegs
00000b60      2d (00000b40)     _AdcdResultRegs

00000c00      30 (00000c00)     _CpuTimer0Regs
00000c08      30 (00000c00)     _CpuTimer1Regs
00000c10      30 (00000c00)     _CpuTimer2Regs

00000ce0      33 (00000cc0)     _Cla1SoftIntRegs
00000ce0      33 (00000cc0)     _PieCtrlRegs

00000d00      34 (00000d00)     _EmuKey
00000d00      34 (00000d00)     _PieVectTable
00000d01      34 (00000d00)     _EmuBMode

00001000      40 (00001000)     _DmaRegs

00001400      50 (00001400)     _Cla1Regs

00004000     100 (00004000)     _EPwm1Regs

00004100     104 (00004100)     _EPwm2Regs

00004200     108 (00004200)     _EPwm3Regs

00004300     10c (00004300)     _EPwm4Regs

00004400     110 (00004400)     _EPwm5Regs

00004500     114 (00004500)     _EPwm6Regs

00004600     118 (00004600)     _EPwm7Regs

00004700     11c (00004700)     _EPwm8Regs

00004800     120 (00004800)     _EPwm9Regs

00004900     124 (00004900)     _EPwm10Regs

00004a00     128 (00004a00)     _EPwm11Regs

00004b00     12c (00004b00)     _EPwm12Regs

00005000     140 (00005000)     _ECap1Regs
00005020     140 (00005000)     _ECap2Regs

00005040     141 (00005040)     _ECap3Regs
00005060     141 (00005040)     _ECap4Regs

00005080     142 (00005080)     _ECap5Regs
000050a0     142 (00005080)     _ECap6Regs

00005100     144 (00005100)     _EQep1Regs

00005140     145 (00005140)     _EQep2Regs

00005180     146 (00005180)     _EQep3Regs

00005c00     170 (00005c00)     _DacaRegs
00005c10     170 (00005c00)     _DacbRegs
00005c20     170 (00005c00)     _DaccRegs

00005c80     172 (00005c80)     _Cmpss1Regs
00005ca0     172 (00005c80)     _Cmpss2Regs

00005cc0     173 (00005cc0)     _Cmpss3Regs
00005ce0     173 (00005cc0)     _Cmpss4Regs

00005d00     174 (00005d00)     _Cmpss5Regs
00005d20     174 (00005d00)     _Cmpss6Regs

00005d40     175 (00005d40)     _Cmpss7Regs
00005d60     175 (00005d40)     _Cmpss8Regs

00005e00     178 (00005e00)     _Sdfm1Regs

00005e80     17a (00005e80)     _Sdfm2Regs

00006000     180 (00006000)     _McbspaRegs

00006040     181 (00006040)     _McbspbRegs

00006100     184 (00006100)     _SpiaRegs
00006110     184 (00006100)     _SpibRegs
00006120     184 (00006100)     _SpicRegs

00006200     188 (00006200)     _UppRegs

00007000     1c0 (00007000)     _WdRegs

00007060     1c1 (00007040)     _NmiIntruptRegs
00007070     1c1 (00007040)     _XintRegs

00007200     1c8 (00007200)     _SciaRegs
00007210     1c8 (00007200)     _ScibRegs
00007220     1c8 (00007200)     _ScicRegs
00007230     1c8 (00007200)     _ScidRegs

00007300     1cc (00007300)     _I2caRegs

00007340     1cd (00007340)     _I2cbRegs

00007400     1d0 (00007400)     _AdcaRegs

00007480     1d2 (00007480)     _AdcbRegs

00007500     1d4 (00007500)     _AdccRegs

00007580     1d6 (00007580)     _AdcdRegs

00007900     1e4 (00007900)     _InputXbarRegs
00007920     1e4 (00007900)     _XbarRegs

00007940     1e5 (00007940)     _SyncSocRegs

00007980     1e6 (00007980)     _DmaClaSrcSelRegs

00007a00     1e8 (00007a00)     _EPwmXbarRegs

00007a80     1ea (00007a80)     _OutputXbarRegs

00007c00     1f0 (00007c00)     _GpioCtrlRegs

00007f00     1fc (00007f00)     _GpioDataRegs

0000a800     2a0 (0000a800)     ___TI_enable_exit_profile_output
0000a802     2a0 (0000a800)     ___TI_cleanup_ptr
0000a804     2a0 (0000a800)     ___TI_dtors_ptr
0000a806     2a0 (0000a800)     _dac_max_value
0000a807     2a0 (0000a800)     _analog_outs
0000a80a     2a0 (0000a800)     __lock
0000a80c     2a0 (0000a800)     __unlock

0000c000     300 (0000c000)     _output_offsets
0000c002     300 (0000c000)     _gains
0000c004     300 (0000c000)     _analog_ins

00047000    11c0 (00047000)     _Emif1Regs

00047800    11e0 (00047800)     _Emif2Regs

00050024    1400 (00050000)     _FlashPumpSemaphoreRegs

0005d000    1740 (0005d000)     _DevCfgRegs

0005d180    1746 (0005d180)     _AnalogSubsysRegs

0005d200    1748 (0005d200)     _ClkCfgRegs

0005d300    174c (0005d300)     _CpuSysRegs

0005e608    1798 (0005e600)     _RomPrefetchRegs

0005f000    17c0 (0005f000)     _DcsmZ1Regs

0005f040    17c1 (0005f040)     _DcsmZ2Regs
0005f070    17c1 (0005f040)     _DcsmCommonRegs

0005f400    17d0 (0005f400)     _MemCfgRegs

0005f480    17d2 (0005f480)     _Emif1ConfigRegs
0005f4a0    17d2 (0005f480)     _Emif2ConfigRegs

0005f4c0    17d3 (0005f4c0)     _AccessProtectionRegs

0005f500    17d4 (0005f500)     _MemoryErrorRegs

0005f540    17d5 (0005f540)     _RomWaitStateRegs

0005f800    17e0 (0005f800)     _Flash0CtrlRegs

0005fb00    17ec (0005fb00)     _Flash0EccRegs

0005fc00    17f0 (0005fc00)     _Flash1CtrlRegs

0005ff00    17fc (0005ff00)     _Flash1EccRegs

00078000    1e00 (00078000)     _DcsmZ1Otp

00078200    1e08 (00078200)     _DcsmZ2Otp

00090000    2400 (00090000)     _PieVectTableInit


GLOBAL SYMBOLS: SORTED ALPHABETICALLY BY Name 

page  address   name                                  
----  -------   ----                                  
abs   ffffffff  .text                                 
0     00083331  C$$EXIT                               
0     00082597  _ADCA1_ISR                            
0     0008258d  _ADCA2_ISR                            
0     00082583  _ADCA3_ISR                            
0     00082579  _ADCA4_ISR                            
0     0008256f  _ADCA_EVT_ISR                         
0     00082565  _ADCB1_ISR                            
0     0008255b  _ADCB2_ISR                            
0     00082551  _ADCB3_ISR                            
0     00082547  _ADCB4_ISR                            
0     0008253d  _ADCB_EVT_ISR                         
0     00082533  _ADCC1_ISR                            
0     00082529  _ADCC2_ISR                            
0     0008251f  _ADCC3_ISR                            
0     00082515  _ADCC4_ISR                            
0     0008250b  _ADCC_EVT_ISR                         
0     00082501  _ADCD1_ISR                            
0     000824f7  _ADCD2_ISR                            
0     000824ed  _ADCD3_ISR                            
0     000824e3  _ADCD4_ISR                            
0     000824d9  _ADCD_EVT_ISR                         
0     000824cf  _AUX_PLL_SLIP_ISR                     
1     0005f4c0  _AccessProtectionRegs                 
0     000831a0  _AdcSetMode                           
1     00007400  _AdcaRegs                             
1     00000b00  _AdcaResultRegs                       
1     00007480  _AdcbRegs                             
1     00000b20  _AdcbResultRegs                       
1     00007500  _AdccRegs                             
1     00000b40  _AdccResultRegs                       
1     00007580  _AdcdRegs                             
1     00000b60  _AdcdResultRegs                       
1     0005d180  _AnalogSubsysRegs                     
0     000827b5  _AuxAuxClkSel                         
0     000827d0  _AuxIntOsc2Sel                        
0     000827bf  _AuxXtalOscSel                        
0     000824c5  _CANA0_ISR                            
0     000824bb  _CANA1_ISR                            
0     000824b1  _CANB0_ISR                            
0     000824a7  _CANB1_ISR                            
0     0008249d  _CLA1_1_ISR                           
0     00082493  _CLA1_2_ISR                           
0     00082489  _CLA1_3_ISR                           
0     0008247f  _CLA1_4_ISR                           
0     00082475  _CLA1_5_ISR                           
0     0008246b  _CLA1_6_ISR                           
0     00082461  _CLA1_7_ISR                           
0     00082457  _CLA1_8_ISR                           
0     0008244d  _CLA_OVERFLOW_ISR                     
0     00082443  _CLA_UNDERFLOW_ISR                    
1     00001400  _Cla1Regs                             
0     00000ce0  _Cla1SoftIntRegs                      
1     0005d200  _ClkCfgRegs                           
1     00005c80  _Cmpss1Regs                           
1     00005ca0  _Cmpss2Regs                           
1     00005cc0  _Cmpss3Regs                           
1     00005ce0  _Cmpss4Regs                           
1     00005d00  _Cmpss5Regs                           
1     00005d20  _Cmpss6Regs                           
1     00005d40  _Cmpss7Regs                           
1     00005d60  _Cmpss8Regs                           
1     0005d300  _CpuSysRegs                           
1     00000c00  _CpuTimer0Regs                        
1     00000c08  _CpuTimer1Regs                        
1     00000c10  _CpuTimer2Regs                        
0     00082900  _CsmUnlock                            
0     00082439  _DATALOG_ISR                          
0     00082c79  _DMACH1AddrConfig                     
0     00082c6f  _DMACH1AddrConfig32bit                
0     00082c66  _DMACH1BurstConfig                    
0     00082c11  _DMACH1ModeConfig                     
0     00082c08  _DMACH1TransferConfig                 
0     00082bfe  _DMACH1WrapConfig                     
0     00082bf4  _DMACH2AddrConfig                     
0     00082bea  _DMACH2AddrConfig32bit                
0     00082be1  _DMACH2BurstConfig                    
0     00082b8b  _DMACH2ModeConfig                     
0     00082b82  _DMACH2TransferConfig                 
0     00082b78  _DMACH2WrapConfig                     
0     00082b6e  _DMACH3AddrConfig                     
0     00082b64  _DMACH3AddrConfig32bit                
0     00082b5b  _DMACH3BurstConfig                    
0     00082b06  _DMACH3ModeConfig                     
0     00082afd  _DMACH3TransferConfig                 
0     00082af3  _DMACH3WrapConfig                     
0     00082ae9  _DMACH4AddrConfig                     
0     00082adf  _DMACH4AddrConfig32bit                
0     00082ad6  _DMACH4BurstConfig                    
0     00082a7e  _DMACH4ModeConfig                     
0     00082a75  _DMACH4TransferConfig                 
0     00082a6b  _DMACH4WrapConfig                     
0     00082a61  _DMACH5AddrConfig                     
0     00082a57  _DMACH5AddrConfig32bit                
0     00082a4e  _DMACH5BurstConfig                    
0     000829f7  _DMACH5ModeConfig                     
0     000829ee  _DMACH5TransferConfig                 
0     000829e4  _DMACH5WrapConfig                     
0     000829da  _DMACH6AddrConfig                     
0     000829d0  _DMACH6AddrConfig32bit                
0     000829c7  _DMACH6BurstConfig                    
0     0008296f  _DMACH6ModeConfig                     
0     00082966  _DMACH6TransferConfig                 
0     0008295c  _DMACH6WrapConfig                     
0     00082951  _DMAInitialize                        
0     0008242f  _DMA_CH1_ISR                          
0     00082425  _DMA_CH2_ISR                          
0     0008241b  _DMA_CH3_ISR                          
0     00082411  _DMA_CH4_ISR                          
0     00082407  _DMA_CH5_ISR                          
0     000823fd  _DMA_CH6_ISR                          
1     00005c00  _DacaRegs                             
1     00005c10  _DacbRegs                             
1     00005c20  _DaccRegs                             
1     0005f070  _DcsmCommonRegs                       
1     00078000  _DcsmZ1Otp                            
1     0005f000  _DcsmZ1Regs                           
1     00078200  _DcsmZ2Otp                            
1     0005f040  _DcsmZ2Regs                           
1     0005d000  _DevCfgRegs                           
0     000826c7  _DisableDog                           
0     000828be  _DisablePeripheralClocks              
1     00007980  _DmaClaSrcSelRegs                     
1     00001000  _DmaRegs                              
0     000823f3  _ECAP1_ISR                            
0     000823e9  _ECAP2_ISR                            
0     000823df  _ECAP3_ISR                            
0     000823d5  _ECAP4_ISR                            
0     000823cb  _ECAP5_ISR                            
0     000823c1  _ECAP6_ISR                            
1     00005000  _ECap1Regs                            
1     00005020  _ECap2Regs                            
1     00005040  _ECap3Regs                            
1     00005060  _ECap4Regs                            
1     00005080  _ECap5Regs                            
1     000050a0  _ECap6Regs                            
0     000823b7  _EMIF_ERROR_ISR                       
0     000823aa  _EMPTY_ISR                            
0     000823a0  _EMU_ISR                              
0     00082396  _EPWM10_ISR                           
0     0008238c  _EPWM10_TZ_ISR                        
0     00082382  _EPWM11_ISR                           
0     00082378  _EPWM11_TZ_ISR                        
0     0008236e  _EPWM12_ISR                           
0     00082364  _EPWM12_TZ_ISR                        
0     0008235a  _EPWM1_ISR                            
0     00082350  _EPWM1_TZ_ISR                         
0     00082346  _EPWM2_ISR                            
0     0008233c  _EPWM2_TZ_ISR                         
0     00082332  _EPWM3_ISR                            
0     00082328  _EPWM3_TZ_ISR                         
0     0008231e  _EPWM4_ISR                            
0     00082314  _EPWM4_TZ_ISR                         
0     0008230a  _EPWM5_ISR                            
0     00082300  _EPWM5_TZ_ISR                         
0     000822f6  _EPWM6_ISR                            
0     000822ec  _EPWM6_TZ_ISR                         
0     000822e2  _EPWM7_ISR                            
0     000822d8  _EPWM7_TZ_ISR                         
0     000822ce  _EPWM8_ISR                            
0     000822c4  _EPWM8_TZ_ISR                         
0     000822ba  _EPWM9_ISR                            
0     000822b0  _EPWM9_TZ_ISR                         
1     00004900  _EPwm10Regs                           
1     00004a00  _EPwm11Regs                           
1     00004b00  _EPwm12Regs                           
1     00004000  _EPwm1Regs                            
1     00004100  _EPwm2Regs                            
1     00004200  _EPwm3Regs                            
1     00004300  _EPwm4Regs                            
1     00004400  _EPwm5Regs                            
1     00004500  _EPwm6Regs                            
1     00004600  _EPwm7Regs                            
1     00004700  _EPwm8Regs                            
1     00004800  _EPwm9Regs                            
1     00007a00  _EPwmXbarRegs                         
0     000822a6  _EQEP1_ISR                            
0     0008229c  _EQEP2_ISR                            
0     00082292  _EQEP3_ISR                            
1     00005100  _EQep1Regs                            
1     00005140  _EQep2Regs                            
1     00005180  _EQep3Regs                            
1     0005f480  _Emif1ConfigRegs                      
1     00047000  _Emif1Regs                            
1     0005f4a0  _Emif2ConfigRegs                      
1     00047800  _Emif2Regs                            
1     00000d01  _EmuBMode                             
1     00000d00  _EmuKey                               
0     00083379  _EnableInterrupts                     
0     00008254  _F28x_usDelay                         
0     00082288  _FLASH_CORRECTABLE_ERROR_ISR          
0     0008227e  _FPU_OVERFLOW_ISR                     
0     00082274  _FPU_UNDERFLOW_ISR                    
1     0005f800  _Flash0CtrlRegs                       
1     0005fb00  _Flash0EccRegs                        
1     0005fc00  _Flash1CtrlRegs                       
1     0005ff00  _Flash1EccRegs                        
0     000081c8  _FlashOff_Bank0                       
0     000081b4  _FlashOff_Bank1                       
1     00050024  _FlashPumpSemaphoreRegs               
0     00083190  _GPIO_EnableUnbondedIOPullups         
0     0008316b  _GPIO_EnableUnbondedIOPullupsFor100Pin
0     00083152  _GPIO_EnableUnbondedIOPullupsFor176Pin
0     0008313e  _GPIO_ReadPin                         
0     0008311c  _GPIO_SetupLock                       
0     000830c7  _GPIO_SetupPinMux                     
0     00083040  _GPIO_SetupPinOptions                 
0     00083039  _GPIO_SetupXINT1Gpio                  
0     00083032  _GPIO_SetupXINT2Gpio                  
0     0008302b  _GPIO_SetupXINT3Gpio                  
0     00083024  _GPIO_SetupXINT4Gpio                  
0     0008301d  _GPIO_SetupXINT5Gpio                  
0     00083003  _GPIO_WritePin                        
1     00007c00  _GpioCtrlRegs                         
1     00007f00  _GpioDataRegs                         
0     000828ef  _HALT                                 
0     000828db  _HIB                                  
0     0008226a  _I2CA_FIFO_ISR                        
0     00082260  _I2CA_ISR                             
0     00082256  _I2CB_FIFO_ISR                        
0     0008224c  _I2CB_ISR                             
1     00007300  _I2caRegs                             
1     00007340  _I2cbRegs                             
0     000828b5  _IDLE                                 
0     00082242  _ILLEGAL_ISR                          
0     00082238  _IPC0_ISR                             
0     0008222e  _IPC1_ISR                             
0     00082224  _IPC2_ISR                             
0     0008221a  _IPC3_ISR                             
0     000827dd  _InitAuxPll                           
0     00008180  _InitFlash_Bank0                      
0     0000814c  _InitFlash_Bank1                      
0     00082f62  _InitGpio                             
0     000826d4  _InitPeripheralClocks                 
0     0008335a  _InitPieCtrl                          
0     000833d3  _InitPieVectTable                     
0     0008277d  _InitSysCtrl                          
0     00082608  _InitSysPll                           
1     00007900  _InputXbarRegs                        
0     00082210  _MCBSPA_RX_ISR                        
0     00082206  _MCBSPA_TX_ISR                        
0     000821fc  _MCBSPB_RX_ISR                        
0     000821f2  _MCBSPB_TX_ISR                        
1     00006000  _McbspaRegs                           
1     00006040  _McbspbRegs                           
1     0005f400  _MemCfgRegs                           
1     0005f500  _MemoryErrorRegs                      
0     000821e8  _NMI_ISR                              
0     000821de  _NOTUSED_ISR                          
1     00007060  _NmiIntruptRegs                       
1     00007a80  _OutputXbarRegs                       
0     000821d4  _PIE_RESERVED_ISR                     
1     00000ce0  _PieCtrlRegs                          
1     00000d00  _PieVectTable                         
0     00090000  _PieVectTableInit                     
0     000821ca  _RAM_ACCESS_VIOLATION_ISR             
0     000821c0  _RAM_CORRECTABLE_ERROR_ISR            
0     000821b6  _RTOS_ISR                             
0     00086258  _RamfuncsLoadEnd                      
abs   00000258  _RamfuncsLoadSize                     
0     00086000  _RamfuncsLoadStart                    
0     00008258  _RamfuncsRunEnd                       
abs   00000258  _RamfuncsRunSize                      
0     00008000  _RamfuncsRunStart                     
0     000825fe  _ReleaseFlashPump                     
1     0005e608  _RomPrefetchRegs                      
1     0005f540  _RomWaitStateRegs                     
0     000821ac  _SCIA_RX_ISR                          
0     000821a2  _SCIA_TX_ISR                          
0     00082198  _SCIB_RX_ISR                          
0     0008218e  _SCIB_TX_ISR                          
0     00082184  _SCIC_RX_ISR                          
0     0008217a  _SCIC_TX_ISR                          
0     00082170  _SCID_RX_ISR                          
0     00082166  _SCID_TX_ISR                          
0     0008215c  _SD1_ISR                              
0     00082152  _SD2_ISR                              
0     00082148  _SPIA_RX_ISR                          
0     0008213e  _SPIA_TX_ISR                          
0     00082134  _SPIB_RX_ISR                          
0     0008212a  _SPIB_TX_ISR                          
0     00082120  _SPIC_RX_ISR                          
0     00082116  _SPIC_TX_ISR                          
0     000825f3  _STANDBY                              
0     0008210c  _SYS_PLL_SLIP_ISR                     
1     00007200  _SciaRegs                             
1     00007210  _ScibRegs                             
1     00007220  _ScicRegs                             
1     00007230  _ScidRegs                             
1     00005e00  _Sdfm1Regs                            
1     00005e80  _Sdfm2Regs                            
0     000825e1  _SeizeFlashPump_Bank0                 
0     000825cf  _SeizeFlashPump_Bank1                 
0     000825c1  _ServiceDog                           
1     00006100  _SpiaRegs                             
1     00006110  _SpibRegs                             
1     00006120  _SpicRegs                             
0     00082949  _StartDMACH1                          
0     00082941  _StartDMACH2                          
0     00082939  _StartDMACH3                          
0     00082931  _StartDMACH4                          
0     00082929  _StartDMACH5                          
0     00082921  _StartDMACH6                          
1     00007940  _SyncSocRegs                          
0     000825b7  _SysIntOsc1Sel                        
0     000825ad  _SysIntOsc2Sel                        
0     000825a1  _SysXtalOscSel                        
0     00082102  _TIMER0_ISR                           
0     000820f8  _TIMER1_ISR                           
0     000820ee  _TIMER2_ISR                           
0     000820e4  _UPPA_ISR                             
0     000820da  _USBA_ISR                             
0     000820d0  _USER10_ISR                           
0     000820c6  _USER11_ISR                           
0     000820bc  _USER12_ISR                           
0     000820b2  _USER1_ISR                            
0     000820a8  _USER2_ISR                            
0     0008209e  _USER3_ISR                            
0     00082094  _USER4_ISR                            
0     0008208a  _USER5_ISR                            
0     00082080  _USER6_ISR                            
0     00082076  _USER7_ISR                            
0     0008206c  _USER8_ISR                            
0     00082062  _USER9_ISR                            
1     00006200  _UppRegs                              
0     00082058  _VCU_ISR                              
0     0008204e  _WAKE_ISR                             
1     00007000  _WdRegs                               
0     00082044  _XINT1_ISR                            
0     0008203a  _XINT2_ISR                            
0     00082030  _XINT3_ISR                            
0     00082026  _XINT4_ISR                            
0     0008201c  _XINT5_ISR                            
1     00007920  _XbarRegs                             
1     00007070  _XintRegs                             
1     00000600  __STACK_END                           
abs   00000200  __STACK_SIZE                          
1     0000a802  ___TI_cleanup_ptr                     
1     0000a804  ___TI_dtors_ptr                       
1     0000a800  ___TI_enable_exit_profile_output      
abs   ffffffff  ___TI_pprof_out_hndl                  
abs   ffffffff  ___TI_prof_data_size                  
abs   ffffffff  ___TI_prof_data_start                 
abs   ffffffff  ___binit__                            
abs   ffffffff  ___c_args__                           
0     00082000  ___cinit__                            
abs   ffffffff  ___etext__                            
abs   ffffffff  ___pinit__                            
abs   ffffffff  ___text__                             
0     000833ba  __args_main                           
1     0000a80a  __lock                                
0     000833ee  __nop                                 
1     00000400  __stack                               
0     000833ef  __system_post_cinit                   
0     000833ec  __system_pre_init                     
1     0000a80c  __unlock                              
0     00083331  _abort                                
1     0000c004  _analog_ins                           
1     0000a807  _analog_outs                          
0     00083295  _c_int00                              
0     00082d7d  _configure_adcs                       
0     00082dad  _configure_dacs                       
0     00082dd7  _configure_dma                        
0     000832eb  _copy_in                              
1     0000a806  _dac_max_value                        
0     000833a0  _ddcopy                               
0     00008240  _dma_ch1_int_isr                      
0     0000822c  _dma_ch2_int_isr                      
0     00008218  _dma_ch3_int_isr                      
0     00008204  _dma_ch4_int_isr                      
0     000081f0  _dma_ch5_int_isr                      
0     000081dc  _dma_ch6_int_isr                      
0     000833a0  _dpcopy                               
0     00083333  _exit                                 
1     0000c002  _gains                                
0     00082ea0  _main                                 
0     00083382  _memcpy                               
1     0000c000  _output_offsets                       
0     000833a0  _pdcopy                               
0     00008000  _pid_loop                             
0     000833a0  _ppcopy                               
0     00082c83  _setup_adc_channels                   
abs   ffffffff  binit                                 
0     00082000  cinit                                 
0     00080000  code_start                            
abs   ffffffff  etext                                 
abs   ffffffff  pinit                                 


GLOBAL SYMBOLS: SORTED BY Symbol Address 

page  address   name                                  
----  -------   ----                                  
0     00000ce0  _Cla1SoftIntRegs                      
0     00008000  _RamfuncsRunStart                     
0     00008000  _pid_loop                             
0     0000814c  _InitFlash_Bank1                      
0     00008180  _InitFlash_Bank0                      
0     000081b4  _FlashOff_Bank1                       
0     000081c8  _FlashOff_Bank0                       
0     000081dc  _dma_ch6_int_isr                      
0     000081f0  _dma_ch5_int_isr                      
0     00008204  _dma_ch4_int_isr                      
0     00008218  _dma_ch3_int_isr                      
0     0000822c  _dma_ch2_int_isr                      
0     00008240  _dma_ch1_int_isr                      
0     00008254  _F28x_usDelay                         
0     00008258  _RamfuncsRunEnd                       
0     00080000  code_start                            
0     00082000  ___cinit__                            
0     00082000  cinit                                 
0     0008201c  _XINT5_ISR                            
0     00082026  _XINT4_ISR                            
0     00082030  _XINT3_ISR                            
0     0008203a  _XINT2_ISR                            
0     00082044  _XINT1_ISR                            
0     0008204e  _WAKE_ISR                             
0     00082058  _VCU_ISR                              
0     00082062  _USER9_ISR                            
0     0008206c  _USER8_ISR                            
0     00082076  _USER7_ISR                            
0     00082080  _USER6_ISR                            
0     0008208a  _USER5_ISR                            
0     00082094  _USER4_ISR                            
0     0008209e  _USER3_ISR                            
0     000820a8  _USER2_ISR                            
0     000820b2  _USER1_ISR                            
0     000820bc  _USER12_ISR                           
0     000820c6  _USER11_ISR                           
0     000820d0  _USER10_ISR                           
0     000820da  _USBA_ISR                             
0     000820e4  _UPPA_ISR                             
0     000820ee  _TIMER2_ISR                           
0     000820f8  _TIMER1_ISR                           
0     00082102  _TIMER0_ISR                           
0     0008210c  _SYS_PLL_SLIP_ISR                     
0     00082116  _SPIC_TX_ISR                          
0     00082120  _SPIC_RX_ISR                          
0     0008212a  _SPIB_TX_ISR                          
0     00082134  _SPIB_RX_ISR                          
0     0008213e  _SPIA_TX_ISR                          
0     00082148  _SPIA_RX_ISR                          
0     00082152  _SD2_ISR                              
0     0008215c  _SD1_ISR                              
0     00082166  _SCID_TX_ISR                          
0     00082170  _SCID_RX_ISR                          
0     0008217a  _SCIC_TX_ISR                          
0     00082184  _SCIC_RX_ISR                          
0     0008218e  _SCIB_TX_ISR                          
0     00082198  _SCIB_RX_ISR                          
0     000821a2  _SCIA_TX_ISR                          
0     000821ac  _SCIA_RX_ISR                          
0     000821b6  _RTOS_ISR                             
0     000821c0  _RAM_CORRECTABLE_ERROR_ISR            
0     000821ca  _RAM_ACCESS_VIOLATION_ISR             
0     000821d4  _PIE_RESERVED_ISR                     
0     000821de  _NOTUSED_ISR                          
0     000821e8  _NMI_ISR                              
0     000821f2  _MCBSPB_TX_ISR                        
0     000821fc  _MCBSPB_RX_ISR                        
0     00082206  _MCBSPA_TX_ISR                        
0     00082210  _MCBSPA_RX_ISR                        
0     0008221a  _IPC3_ISR                             
0     00082224  _IPC2_ISR                             
0     0008222e  _IPC1_ISR                             
0     00082238  _IPC0_ISR                             
0     00082242  _ILLEGAL_ISR                          
0     0008224c  _I2CB_ISR                             
0     00082256  _I2CB_FIFO_ISR                        
0     00082260  _I2CA_ISR                             
0     0008226a  _I2CA_FIFO_ISR                        
0     00082274  _FPU_UNDERFLOW_ISR                    
0     0008227e  _FPU_OVERFLOW_ISR                     
0     00082288  _FLASH_CORRECTABLE_ERROR_ISR          
0     00082292  _EQEP3_ISR                            
0     0008229c  _EQEP2_ISR                            
0     000822a6  _EQEP1_ISR                            
0     000822b0  _EPWM9_TZ_ISR                         
0     000822ba  _EPWM9_ISR                            
0     000822c4  _EPWM8_TZ_ISR                         
0     000822ce  _EPWM8_ISR                            
0     000822d8  _EPWM7_TZ_ISR                         
0     000822e2  _EPWM7_ISR                            
0     000822ec  _EPWM6_TZ_ISR                         
0     000822f6  _EPWM6_ISR                            
0     00082300  _EPWM5_TZ_ISR                         
0     0008230a  _EPWM5_ISR                            
0     00082314  _EPWM4_TZ_ISR                         
0     0008231e  _EPWM4_ISR                            
0     00082328  _EPWM3_TZ_ISR                         
0     00082332  _EPWM3_ISR                            
0     0008233c  _EPWM2_TZ_ISR                         
0     00082346  _EPWM2_ISR                            
0     00082350  _EPWM1_TZ_ISR                         
0     0008235a  _EPWM1_ISR                            
0     00082364  _EPWM12_TZ_ISR                        
0     0008236e  _EPWM12_ISR                           
0     00082378  _EPWM11_TZ_ISR                        
0     00082382  _EPWM11_ISR                           
0     0008238c  _EPWM10_TZ_ISR                        
0     00082396  _EPWM10_ISR                           
0     000823a0  _EMU_ISR                              
0     000823aa  _EMPTY_ISR                            
0     000823b7  _EMIF_ERROR_ISR                       
0     000823c1  _ECAP6_ISR                            
0     000823cb  _ECAP5_ISR                            
0     000823d5  _ECAP4_ISR                            
0     000823df  _ECAP3_ISR                            
0     000823e9  _ECAP2_ISR                            
0     000823f3  _ECAP1_ISR                            
0     000823fd  _DMA_CH6_ISR                          
0     00082407  _DMA_CH5_ISR                          
0     00082411  _DMA_CH4_ISR                          
0     0008241b  _DMA_CH3_ISR                          
0     00082425  _DMA_CH2_ISR                          
0     0008242f  _DMA_CH1_ISR                          
0     00082439  _DATALOG_ISR                          
0     00082443  _CLA_UNDERFLOW_ISR                    
0     0008244d  _CLA_OVERFLOW_ISR                     
0     00082457  _CLA1_8_ISR                           
0     00082461  _CLA1_7_ISR                           
0     0008246b  _CLA1_6_ISR                           
0     00082475  _CLA1_5_ISR                           
0     0008247f  _CLA1_4_ISR                           
0     00082489  _CLA1_3_ISR                           
0     00082493  _CLA1_2_ISR                           
0     0008249d  _CLA1_1_ISR                           
0     000824a7  _CANB1_ISR                            
0     000824b1  _CANB0_ISR                            
0     000824bb  _CANA1_ISR                            
0     000824c5  _CANA0_ISR                            
0     000824cf  _AUX_PLL_SLIP_ISR                     
0     000824d9  _ADCD_EVT_ISR                         
0     000824e3  _ADCD4_ISR                            
0     000824ed  _ADCD3_ISR                            
0     000824f7  _ADCD2_ISR                            
0     00082501  _ADCD1_ISR                            
0     0008250b  _ADCC_EVT_ISR                         
0     00082515  _ADCC4_ISR                            
0     0008251f  _ADCC3_ISR                            
0     00082529  _ADCC2_ISR                            
0     00082533  _ADCC1_ISR                            
0     0008253d  _ADCB_EVT_ISR                         
0     00082547  _ADCB4_ISR                            
0     00082551  _ADCB3_ISR                            
0     0008255b  _ADCB2_ISR                            
0     00082565  _ADCB1_ISR                            
0     0008256f  _ADCA_EVT_ISR                         
0     00082579  _ADCA4_ISR                            
0     00082583  _ADCA3_ISR                            
0     0008258d  _ADCA2_ISR                            
0     00082597  _ADCA1_ISR                            
0     000825a1  _SysXtalOscSel                        
0     000825ad  _SysIntOsc2Sel                        
0     000825b7  _SysIntOsc1Sel                        
0     000825c1  _ServiceDog                           
0     000825cf  _SeizeFlashPump_Bank1                 
0     000825e1  _SeizeFlashPump_Bank0                 
0     000825f3  _STANDBY                              
0     000825fe  _ReleaseFlashPump                     
0     00082608  _InitSysPll                           
0     000826c7  _DisableDog                           
0     000826d4  _InitPeripheralClocks                 
0     0008277d  _InitSysCtrl                          
0     000827b5  _AuxAuxClkSel                         
0     000827bf  _AuxXtalOscSel                        
0     000827d0  _AuxIntOsc2Sel                        
0     000827dd  _InitAuxPll                           
0     000828b5  _IDLE                                 
0     000828be  _DisablePeripheralClocks              
0     000828db  _HIB                                  
0     000828ef  _HALT                                 
0     00082900  _CsmUnlock                            
0     00082921  _StartDMACH6                          
0     00082929  _StartDMACH5                          
0     00082931  _StartDMACH4                          
0     00082939  _StartDMACH3                          
0     00082941  _StartDMACH2                          
0     00082949  _StartDMACH1                          
0     00082951  _DMAInitialize                        
0     0008295c  _DMACH6WrapConfig                     
0     00082966  _DMACH6TransferConfig                 
0     0008296f  _DMACH6ModeConfig                     
0     000829c7  _DMACH6BurstConfig                    
0     000829d0  _DMACH6AddrConfig32bit                
0     000829da  _DMACH6AddrConfig                     
0     000829e4  _DMACH5WrapConfig                     
0     000829ee  _DMACH5TransferConfig                 
0     000829f7  _DMACH5ModeConfig                     
0     00082a4e  _DMACH5BurstConfig                    
0     00082a57  _DMACH5AddrConfig32bit                
0     00082a61  _DMACH5AddrConfig                     
0     00082a6b  _DMACH4WrapConfig                     
0     00082a75  _DMACH4TransferConfig                 
0     00082a7e  _DMACH4ModeConfig                     
0     00082ad6  _DMACH4BurstConfig                    
0     00082adf  _DMACH4AddrConfig32bit                
0     00082ae9  _DMACH4AddrConfig                     
0     00082af3  _DMACH3WrapConfig                     
0     00082afd  _DMACH3TransferConfig                 
0     00082b06  _DMACH3ModeConfig                     
0     00082b5b  _DMACH3BurstConfig                    
0     00082b64  _DMACH3AddrConfig32bit                
0     00082b6e  _DMACH3AddrConfig                     
0     00082b78  _DMACH2WrapConfig                     
0     00082b82  _DMACH2TransferConfig                 
0     00082b8b  _DMACH2ModeConfig                     
0     00082be1  _DMACH2BurstConfig                    
0     00082bea  _DMACH2AddrConfig32bit                
0     00082bf4  _DMACH2AddrConfig                     
0     00082bfe  _DMACH1WrapConfig                     
0     00082c08  _DMACH1TransferConfig                 
0     00082c11  _DMACH1ModeConfig                     
0     00082c66  _DMACH1BurstConfig                    
0     00082c6f  _DMACH1AddrConfig32bit                
0     00082c79  _DMACH1AddrConfig                     
0     00082c83  _setup_adc_channels                   
0     00082d7d  _configure_adcs                       
0     00082dad  _configure_dacs                       
0     00082dd7  _configure_dma                        
0     00082ea0  _main                                 
0     00082f62  _InitGpio                             
0     00083003  _GPIO_WritePin                        
0     0008301d  _GPIO_SetupXINT5Gpio                  
0     00083024  _GPIO_SetupXINT4Gpio                  
0     0008302b  _GPIO_SetupXINT3Gpio                  
0     00083032  _GPIO_SetupXINT2Gpio                  
0     00083039  _GPIO_SetupXINT1Gpio                  
0     00083040  _GPIO_SetupPinOptions                 
0     000830c7  _GPIO_SetupPinMux                     
0     0008311c  _GPIO_SetupLock                       
0     0008313e  _GPIO_ReadPin                         
0     00083152  _GPIO_EnableUnbondedIOPullupsFor176Pin
0     0008316b  _GPIO_EnableUnbondedIOPullupsFor100Pin
0     00083190  _GPIO_EnableUnbondedIOPullups         
0     000831a0  _AdcSetMode                           
0     00083295  _c_int00                              
0     000832eb  _copy_in                              
0     00083331  C$$EXIT                               
0     00083331  _abort                                
0     00083333  _exit                                 
0     0008335a  _InitPieCtrl                          
0     00083379  _EnableInterrupts                     
0     00083382  _memcpy                               
0     000833a0  _ddcopy                               
0     000833a0  _dpcopy                               
0     000833a0  _pdcopy                               
0     000833a0  _ppcopy                               
0     000833ba  __args_main                           
0     000833d3  _InitPieVectTable                     
0     000833ec  __system_pre_init                     
0     000833ee  __nop                                 
0     000833ef  __system_post_cinit                   
0     00086000  _RamfuncsLoadStart                    
0     00086258  _RamfuncsLoadEnd                      
0     00090000  _PieVectTableInit                     
1     00000400  __stack                               
1     00000600  __STACK_END                           
1     00000b00  _AdcaResultRegs                       
1     00000b20  _AdcbResultRegs                       
1     00000b40  _AdccResultRegs                       
1     00000b60  _AdcdResultRegs                       
1     00000c00  _CpuTimer0Regs                        
1     00000c08  _CpuTimer1Regs                        
1     00000c10  _CpuTimer2Regs                        
1     00000ce0  _PieCtrlRegs                          
1     00000d00  _EmuKey                               
1     00000d00  _PieVectTable                         
1     00000d01  _EmuBMode                             
1     00001000  _DmaRegs                              
1     00001400  _Cla1Regs                             
1     00004000  _EPwm1Regs                            
1     00004100  _EPwm2Regs                            
1     00004200  _EPwm3Regs                            
1     00004300  _EPwm4Regs                            
1     00004400  _EPwm5Regs                            
1     00004500  _EPwm6Regs                            
1     00004600  _EPwm7Regs                            
1     00004700  _EPwm8Regs                            
1     00004800  _EPwm9Regs                            
1     00004900  _EPwm10Regs                           
1     00004a00  _EPwm11Regs                           
1     00004b00  _EPwm12Regs                           
1     00005000  _ECap1Regs                            
1     00005020  _ECap2Regs                            
1     00005040  _ECap3Regs                            
1     00005060  _ECap4Regs                            
1     00005080  _ECap5Regs                            
1     000050a0  _ECap6Regs                            
1     00005100  _EQep1Regs                            
1     00005140  _EQep2Regs                            
1     00005180  _EQep3Regs                            
1     00005c00  _DacaRegs                             
1     00005c10  _DacbRegs                             
1     00005c20  _DaccRegs                             
1     00005c80  _Cmpss1Regs                           
1     00005ca0  _Cmpss2Regs                           
1     00005cc0  _Cmpss3Regs                           
1     00005ce0  _Cmpss4Regs                           
1     00005d00  _Cmpss5Regs                           
1     00005d20  _Cmpss6Regs                           
1     00005d40  _Cmpss7Regs                           
1     00005d60  _Cmpss8Regs                           
1     00005e00  _Sdfm1Regs                            
1     00005e80  _Sdfm2Regs                            
1     00006000  _McbspaRegs                           
1     00006040  _McbspbRegs                           
1     00006100  _SpiaRegs                             
1     00006110  _SpibRegs                             
1     00006120  _SpicRegs                             
1     00006200  _UppRegs                              
1     00007000  _WdRegs                               
1     00007060  _NmiIntruptRegs                       
1     00007070  _XintRegs                             
1     00007200  _SciaRegs                             
1     00007210  _ScibRegs                             
1     00007220  _ScicRegs                             
1     00007230  _ScidRegs                             
1     00007300  _I2caRegs                             
1     00007340  _I2cbRegs                             
1     00007400  _AdcaRegs                             
1     00007480  _AdcbRegs                             
1     00007500  _AdccRegs                             
1     00007580  _AdcdRegs                             
1     00007900  _InputXbarRegs                        
1     00007920  _XbarRegs                             
1     00007940  _SyncSocRegs                          
1     00007980  _DmaClaSrcSelRegs                     
1     00007a00  _EPwmXbarRegs                         
1     00007a80  _OutputXbarRegs                       
1     00007c00  _GpioCtrlRegs                         
1     00007f00  _GpioDataRegs                         
1     0000a800  ___TI_enable_exit_profile_output      
1     0000a802  ___TI_cleanup_ptr                     
1     0000a804  ___TI_dtors_ptr                       
1     0000a806  _dac_max_value                        
1     0000a807  _analog_outs                          
1     0000a80a  __lock                                
1     0000a80c  __unlock                              
1     0000c000  _output_offsets                       
1     0000c002  _gains                                
1     0000c004  _analog_ins                           
1     00047000  _Emif1Regs                            
1     00047800  _Emif2Regs                            
1     00050024  _FlashPumpSemaphoreRegs               
1     0005d000  _DevCfgRegs                           
1     0005d180  _AnalogSubsysRegs                     
1     0005d200  _ClkCfgRegs                           
1     0005d300  _CpuSysRegs                           
1     0005e608  _RomPrefetchRegs                      
1     0005f000  _DcsmZ1Regs                           
1     0005f040  _DcsmZ2Regs                           
1     0005f070  _DcsmCommonRegs                       
1     0005f400  _MemCfgRegs                           
1     0005f480  _Emif1ConfigRegs                      
1     0005f4a0  _Emif2ConfigRegs                      
1     0005f4c0  _AccessProtectionRegs                 
1     0005f500  _MemoryErrorRegs                      
1     0005f540  _RomWaitStateRegs                     
1     0005f800  _Flash0CtrlRegs                       
1     0005fb00  _Flash0EccRegs                        
1     0005fc00  _Flash1CtrlRegs                       
1     0005ff00  _Flash1EccRegs                        
1     00078000  _DcsmZ1Otp                            
1     00078200  _DcsmZ2Otp                            
abs   00000200  __STACK_SIZE                          
abs   00000258  _RamfuncsLoadSize                     
abs   00000258  _RamfuncsRunSize                      
abs   ffffffff  .text                                 
abs   ffffffff  ___TI_pprof_out_hndl                  
abs   ffffffff  ___TI_prof_data_size                  
abs   ffffffff  ___TI_prof_data_start                 
abs   ffffffff  ___binit__                            
abs   ffffffff  ___c_args__                           
abs   ffffffff  ___etext__                            
abs   ffffffff  ___pinit__                            
abs   ffffffff  ___text__                             
abs   ffffffff  binit                                 
abs   ffffffff  etext                                 
abs   ffffffff  pinit                                 

[387 symbols]
